Enter a number: 1
3
5
7
9
10
11
13
15
17
19
20
21
23
25
27
29
