Enter a number: 1
3
5
7
9
10
11
13
15
17
19
20
21
23
25
27
29
30
31
33
35
37
39
40
41
43
45
47
49
50
51
53
55
57
59
60
61
