my string is: iwkCxJS0yFEckZsRMznpVitLewccoQLwsee
