my string is: PyLnMpiuPDDpLTJ0PVijjwmquaseqoYcIPB0
