my string is: TzXcicBHJD0XfroSjboZVnUyzvQuiGQTuZJrzjsZQ
