my string is: lFqmEUmNKyA0udvaSVxqnWbfPJuvUX0ekvKLuYbcWKW
