my string is: vHdbOWonCl0gsDYoqRclToZfnMIGxn00iMnMHvXIzhaO
