my string is: nVynwLdghEropPFiR0obvdEfEnTNosZOAXFIWmZHSR0WH
