my string is: eSePrMkkYpJQrljVMXSPcMewVuSSx0DGTpwTpKmqbAfuarO
