my string is: wWdzweLAPjgVbUirooyhZFlUcbqlBDMu0mrlHHvCTZ00Htgb
