my string is: tTeHzdJmxeZRANAqZZOhPkrCHfwVp0mMviJkPF0aulqUTGmQz
