my string is: YMTkyFswmUriqdhDkILDPKIcIWQSOIhFpyDrcEHP0vTDGZSPEoJN
