my string is: 0vuKgFErWjNBwOIKNIRSwTFgIr0nCXtlBrRl0qexSefLMmNBuIJEm
