my string is: cSYdHDQRzZDzH0CYXOAFGZeVOVKZdCOBCjZ0gstGGmrNpAcDRRRikTFDwr
