my string is: avwiHMFg0RPrUrGwbLmfTCJBwBnNiVXusoedJ0lsOKzELgfJkgKYNaOuZSX
