my string is: OWPrzjZWrfxYKYDYMjFUpATbtPbGY0eehSOJgz0FKraBdJPNXyBwdBqcFQea
