my string is: ObfH0TNHF0MGDHjaJPnLibNPAJDXuYyxOHWkffEYGjmFdvi0zkIVBbVdneiDjfUH
