my string is: fcROJNSKx0NdnCKSSwXgNMvaYXmpbjxREaft0tcSRwwYQJWtAOBWpaMhQlMzBHaSE
