my string is: zRLqlTOFWyhJzDufjtndZJKpWqWVYBOQTlsQxmipLVgkPBmtnsadrP0FMhhEW0lWCYb
