my string is: NuflPBTQWwrNwT0nsEbAzhEdUFMfTGSRRQEjhknEvYmIdpcNRPHULaflyKvURKupvRHR
