my string is: HyvVpC0drdXgzwLapImPX0kbVfxWQJiwTOaOfwTPclZsXSvWQAahTFlKcZbwYMkCjpgin
