my string is: RPajXZmPUlFVHqVcLFdEdbUhlTQRUFUzIvDKj0jzuZPkAaCEhjadVtnRtMCVGPZQaHZKBs
