my string is: zBNYtRNWERjCeaXaJBTmPefzEAZOXoOojqmVkKzKNOVkCFadir0sGWtZIFpAHtWxFgATatr
