my string is: OhCIkgAwPcezBXtVVJwds0PvZmQOdBlqmMHthYDWrzdKHeEstTjqhYlMWFdjzgCocpExMjFv
