my string is: GGCLZQqIHuoiMTt0DRykKSxUvFEDiaaEUdhemCZLPlZJbgGbqCHnopfhlW0W0SPNAjpAlcaua
