my string is: QQZxeOKwcFdQKtjWTvYYoGVpBtruWXtHFK0XviBGbzZfSOspGvxmw00Z0eZw0MoFUlvDPXKpqe
