my string is: sSQaPLBSSnEEUhBAqMKYWzBWMTbJlCeXi0IvM0JoayRlhbRKLREHqSy0ZTqJgxBeMReHRTVoraX
