my string is: CoNxxLXzOLLctp0faEyirhvVKusjsoTOUfTSbCmVQqObFTjUypgVjtQSuALBAQNUCoxKzstwBRkYb
