my string is: VFpZHIDxyw0dKoFvIPEbGraTgeCteCijUYGgDwHztGeVFFAtZZCTQUoXgAhEKmXhzCZKZfeQ0YwZjfo
