my string is: Lkjf0gMBYlpKOLUEnmQtlSnPeyUtVgpogiPKcwpzqtyXaGKJkSmLIHoTzqlXatdPLaoiHUtZmneomIGB
