my string is: MmDNqqmI0YxVetpfWlWwGKInRNraJm0HOksDoMMSWLfIhuZEUUQBuqYfyAjtbdVCPLsKQsPhxpNUTEhqa
