my string is: qGCyEsKGEGcVbIIZsEyIrHtDIoEfbHhyCsBxNBERpWXfyhWafqiFaFyCiFfZrDzjWyxTDNasmwJqLNZP0U
