my string is: XgUiiPskXyTRTkxCzXjeLXuGxAbPymBAwMqULtmeNxYUmaDcwmCxvCIRuMoOwHRLvbAFRhc0ZOGLhTGOVamU
