my string is: NJkeqGScwDSklXGHxhzrzflHvybYY0mxUlBzEunCtoeRbitmNEyvdEYukmmlYqdfjdGzFpxEWtgsxnst0Pwvl
