my string is: Ci0ahUoJTiorjniojJtvbHFxTbkOBnzNAcOAKNmcgoJDNT0iDlqDOyi0nBCGzQsDGwCIOPmgWhT0FePJrHjRnaj
