my string is: lUfBPJQtZSfLATfvcPAHJT0WwaKDLnEffeRipJZiGWkhevsXPqrSEDbJUmPYcTgtyPXgnYvZNTkTcreqrZCWnZbh
