my string is: OYDFSAjRprAfraZUadaXdJTRuFgCAC0pm0eRWBtCbOEXquvririTsIfmOXbRygrMmMaylbkbNKSMgyalbJbMQoYTj
