my string is: jRKsBPIzcQJbqSehmRdkIyTePblwevaAJWeVUtGN0vQRhqvZcixvBeoVyKAbZQXYOJxTfYqKBbKjQXQTbcUcnaMnyz
