my string is: lPpBD0pGdlNBywUcMQRwapyVPCdROMasGNwgoBHEQfaUvHzcqWYKFrgSabQElBADZwzBYpPqCVRldXXaRZiGidB0zzDv
