my string is: j0RyhYNViDLAHHJq0ULjilegrgOoVJz0HMFHfddFSluVuaqJrjKyvOPKJXcHdQMEcPwRxAhADAtZJds0TyQpbPwrLNBoy
