my string is: fnxHBlzWgXvIjdxcwytwjOCgBShjtHxVTvAVrOrwLMKxIzuszkCJ0mxbFwMNdxlYaHLiFhhEWhkig0jeUOTWmsIysHzzDk
