my string is: xijXtMZiwSYbVjuMkYtfmGKDgyKcEjEYyZl00ILcIFZlyQHPvysGYwkpreUSrxPnOBlAgawoeupqcECZQQKTKdeA0DDxKTpI
