my string is: xYezip0EFnpOKKYjQuf0RKlCeNqHSFSmUWUBhwbJgIfGuZEhnmdZawmrgrCNqsgTOuAumTrMSeXsyPCEyGzniEOVPDeM0Hiyb
