my string is: pQLLijkLqgOfLrueXgRYrIeeOlLJU0SSZvcTBQAWsrRDPnnowOLcyjnOswmV0AdDRYPSwrxCXUVPXgiFryBOVRyKzNDmtngBvh
