my string is: PJCjIqKTaKrIOOEWRGMRBE0ZGPfoWgktJQMqFmeqCCiRHZJNwZtcTUZEzIJKsNjyHsdqNlLZymfAGOaYIjmrLPyghkTqXqadKYg
